*** Using Compiler 'V6.16', folder: 'C:\Keil_v5\ARM\ARMCLANG\Bin'
Build target 'MMV'
compiling sys.c...
creating list file for clk.c...
creating list file for system_M031Series.c...
creating list file for gpio.c...
creating list file for sys.c...
creating preprocessor file for gpio.c...
creating list file for retarget.c...
creating preprocessor file for clk.c...
creating preprocessor file for system_M031Series.c...
creating preprocessor file for sys.c...
creating preprocessor file for retarget.c...
compiling clk.c...
compiling gpio.c...
compiling system_M031Series.c...
compiling retarget.c...
creating list file for uart.c...
creating list file for i2c.c...
creating preprocessor file for uart.c...
creating list file for spi.c...
creating preprocessor file for spi.c...
creating preprocessor file for i2c.c...
compiling uart.c...
creating list file for adc.c...
creating list file for rtc.c...
creating list file for timer.c...
creating preprocessor file for adc.c...
creating preprocessor file for rtc.c...
compiling adc.c...
creating list file for fmc.c...
compiling spi.c...
creating preprocessor file for timer.c...
creating list file for Main.c...
compiling rtc.c...
creating preprocessor file for fmc.c...
compiling timer.c...
creating list file for Hardware.c...
compiling i2c.c...
creating preprocessor file for Main.c...
creating preprocessor file for Hardware.c...
creating list file for Utilities.c...
compiling Main.c...
creating list file for W25Qxx.c...
compiling fmc.c...
compiling Hardware.c...
creating preprocessor file for Utilities.c...
creating list file for FMCUser.c...
compiling Utilities.c...
creating preprocessor file for FMCUser.c...
creating preprocessor file for W25Qxx.c...
creating list file for Boot.c...
creating preprocessor file for Boot.c...
creating list file for MComm.c...
compiling FMCUser.c...
compiling W25Qxx.c...
creating list file for MOTA.c...
compiling Boot.c...
creating preprocessor file for MComm.c...
creating list file for LSM6DSOX.c...
creating preprocessor file for MOTA.c...
../Source/MComm.c(156): warning: array index 10 is past the end of the array (which contains 10 elements) [-Warray-bounds]
        firmdata.FirmwareVersion[sizeof(firmdata.FirmwareVersion)] = 0;
        ^                        ~~~~~~~~~~~~~~~~~~~~~~~~~~~~~~~~
../Header/MComm.h(87): note: array 'FirmwareVersion' declared here
                char FirmwareVersion[10];
                ^
1 warning generated.
compiling MComm.c...
compiling MOTA.c...
creating preprocessor file for LSM6DSOX.c...
compiling LSM6DSOX.c...
linking...
Program Size: Code=11608 RO-data=588 RW-data=16 ZI-data=3672  
FromELF: creating hex file...
After Build - User command #1: fromelf --bin ".\obj\MMV.axf" --output ".\obj\MMV.bin"
".\obj\MMV.axf" - 0 Error(s), 1 Warning(s).
Build Time Elapsed:  00:00:02
